docker : ERROR: failed to connect to the docker API at npipe:////./pipe/dockerDesktopLinuxEngine; check if the path is correct and if the daemon is running: open //./pipe/dockerDesktopLinuxEngine: The 
system cannot find the file specified.
At line:1 char:1
+ docker build --build-arg SERVICE_PATH=apps/api -t api-test -f infra/d ...
+ ~~~~~~~~~~~~~~~~~~~~~~~~~~~~~~~~~~~~~~~~~~~~~~~~~~~~~~~~~~~~~~~~~~~~~
    + CategoryInfo              : NotSpecifi    ed: (ERROR: failed     t...file specifie    d.:String) [], Rem    oteException
    + FullyQualifiedEr    rorId : NativeComm    andError
 
